Script started.
Finished fixing special characters in fighter names.
No match found in base sizes for: Rat Ogor [retired]
No match found in base sizes for: Rat Ogor with Warpfire Gun [retired]
No match found in base sizes for: War Despot
No match found in base sizes for: Infernal Cohort with Hashutite Spear
No match found in base sizes for: Daemonsmith
No match found in base sizes for: Infernal Cohort Musician
No match found in base sizes for: Ashen Elder
No match found in base sizes for: Bull Centaur
No match found in base sizes for: Infernal Razer with Blunderbuss
No match found in base sizes for: Anointed Sentinel
No match found in base sizes for: Infernal Razer with Flamehurler
No match found in base sizes for: Dominator Engine with Bane Maces
No match found in base sizes for: Hobgrot Vandal
No match found in base sizes for: Dominator Engine with Immolation Cannon
No match found in base sizes for: Infernal Cohort with Hashutite Blade
No match found in base sizes for: Zuldrakka
No match found in base sizes for: Imnidrin
No match found in base sizes for: Morudok
No match found in base sizes for: Tokkor
No match found in base sizes for: Grisk
No match found in base sizes for: Kamandora
No match found in base sizes for: Throkk
No match found in base sizes for: Ghalista
No match found in base sizes for: Antro Krast
No match found in base sizes for: Kannat
No match found in base sizes for: Orruk Ardboy with Ardboy Big Choppa [retired]
No match found in base sizes for: Orruk Ardboy with Choppas [retired]
No match found in base sizes for: Orruk Ardboy with Ardboy Choppa and Orruk-forged Shield [retired]
No match found in base sizes for: Ardboy Boss with Ardboy Choppas [retired]
No match found in base sizes for: Null-Khemist
No match found in base sizes for: Vongrim Harpoon Crew
No match found in base sizes for: Vongrim Salvager
No match found in base sizes for: Ylarin, Master of the Paths
No match found in base sizes for: Cullon, Axe of Kurnoth
No match found in base sizes for: Lenwythe, Eye of the Forest
Base sizes successfully added to all applicable fighters.
Script executed successfully. Files saved in the 'lua' folder.
